{
  "status": "completed",
  "protocol": "full_decoder_lr_calibration_authorized",
  "design_sha256": "a6c14c413ee94ae3961ffe2cb5b3976c0c023f49acfc702b43cbba071530f0dd",
  "experiment_image": "<CONTAINER_REGISTRY>/pfm/nlp@sha256:f629240c3c8ffff50ca6d5e0a173b6b45205d2e694cc21ffe7e0b10ef7a9fe29",
  "result_sha256": {
    "<SHARED_STORAGE>/devin/jspace-plasticity/runs/q35-full-lr-calibration-dp2-r1/arms/arm-00-j-full-lr1e-6/result.json": "071a1685295746b6cc19db1c9fe4a417a7975c5a3e050c723fd0d4b437fd6999",
    "<SHARED_STORAGE>/devin/jspace-plasticity/runs/q35-full-lr-calibration-dp2-r1/arms/arm-01-j-full-lr3e-7/result.json": "7ba8908aa58e4a0727da379f3662f2a3c496f13c787dbf6c15fc3359a0244ebb"
  },
  "candidates": [
    {
      "arm": "j-full-lr1e-6",
      "learning_rate": 1e-06,
      "step": 10,
      "rows": 64,
      "clean_correct": 61,
      "jspace_correct": 49,
      "random_correct": 56,
      "initial_jspace_correct": 12,
      "checkpoint": "<SHARED_STORAGE>/devin/jspace-plasticity/runs/q35-full-lr-calibration-dp2-r1/arms/arm-00-j-full-lr1e-6/milestones/step-0010/checkpoint-terminal",
      "checkpoint_retained": false
    },
    {
      "arm": "j-full-lr1e-6",
      "learning_rate": 1e-06,
      "step": 25,
      "rows": 64,
      "clean_correct": 55,
      "jspace_correct": 58,
      "random_correct": 53,
      "initial_jspace_correct": 12,
      "checkpoint": null,
      "checkpoint_retained": false
    },
    {
      "arm": "j-full-lr1e-6",
      "learning_rate": 1e-06,
      "step": 50,
      "rows": 64,
      "clean_correct": 63,
      "jspace_correct": 59,
      "random_correct": 62,
      "initial_jspace_correct": 12,
      "checkpoint": "<SHARED_STORAGE>/devin/jspace-plasticity/runs/q35-full-lr-calibration-dp2-r1/arms/arm-00-j-full-lr1e-6/milestones/step-0050/checkpoint-terminal",
      "checkpoint_retained": false
    },
    {
      "arm": "j-full-lr1e-6",
      "learning_rate": 1e-06,
      "step": 100,
      "rows": 64,
      "clean_correct": 63,
      "jspace_correct": 63,
      "random_correct": 63,
      "initial_jspace_correct": 12,
      "checkpoint": "<SHARED_STORAGE>/devin/jspace-plasticity/runs/q35-full-lr-calibration-dp2-r1/arms/arm-00-j-full-lr1e-6/milestones/step-0100/checkpoint-terminal",
      "checkpoint_retained": true
    },
    {
      "arm": "j-full-lr3e-7",
      "learning_rate": 3e-07,
      "step": 10,
      "rows": 64,
      "clean_correct": 63,
      "jspace_correct": 17,
      "random_correct": 54,
      "initial_jspace_correct": 12,
      "checkpoint": "<SHARED_STORAGE>/devin/jspace-plasticity/runs/q35-full-lr-calibration-dp2-r1/arms/arm-01-j-full-lr3e-7/milestones/step-0010/checkpoint-terminal",
      "checkpoint_retained": false
    },
    {
      "arm": "j-full-lr3e-7",
      "learning_rate": 3e-07,
      "step": 25,
      "rows": 64,
      "clean_correct": 60,
      "jspace_correct": 43,
      "random_correct": 56,
      "initial_jspace_correct": 12,
      "checkpoint": null,
      "checkpoint_retained": false
    },
    {
      "arm": "j-full-lr3e-7",
      "learning_rate": 3e-07,
      "step": 50,
      "rows": 64,
      "clean_correct": 62,
      "jspace_correct": 58,
      "random_correct": 55,
      "initial_jspace_correct": 12,
      "checkpoint": "<SHARED_STORAGE>/devin/jspace-plasticity/runs/q35-full-lr-calibration-dp2-r1/arms/arm-01-j-full-lr3e-7/milestones/step-0050/checkpoint-terminal",
      "checkpoint_retained": true
    },
    {
      "arm": "j-full-lr3e-7",
      "learning_rate": 3e-07,
      "step": 100,
      "rows": 64,
      "clean_correct": 61,
      "jspace_correct": 58,
      "random_correct": 60,
      "initial_jspace_correct": 12,
      "checkpoint": null,
      "checkpoint_retained": false
    }
  ],
  "selected": {
    "arm": "j-full-lr1e-6",
    "learning_rate": 1e-06,
    "step": 100,
    "rows": 64,
    "clean_correct": 63,
    "jspace_correct": 63,
    "random_correct": 63,
    "initial_jspace_correct": 12,
    "checkpoint": "<SHARED_STORAGE>/devin/jspace-plasticity/runs/q35-full-lr-calibration-dp2-r1/arms/arm-00-j-full-lr1e-6/milestones/step-0100/checkpoint-terminal",
    "checkpoint_retained": true
  },
  "selection_split": "val",
  "minimum_clean_accuracy": 0.95,
  "verdict": "validation candidate identified; matched controls and another seed required",
  "claim_boundary": "Exploratory calibration only. No screen/transfer selection or confirmation; no recovery guarantee."
}
